[www.phlashtools.com/index.html]
[backblue.gif]
[fade.gif]
[index.html]
[phlashtools.com/image/catalog/favicon.png]
[phlashtools.com/catalog/view/javascript/jquery/jquery-2.1.1.min.js]
[phlashtools.com/catalog/view/javascript/bootstrap/js/bootstrap.min.js]
[phlashtools.com/catalog/view/theme/theme560/js/common.js]
[phlashtools.com/catalog/view/javascript/jquery/owl-carousel/owl.carousel.min.js]
[phlashtools.com/catalog/view/theme/theme560/js/device.min.js]
[phlashtools.com/image/flags/gb.png]
[phlashtools.com/image/flags/de.png]
[phlashtools.com/image/flags/ru.png]
[phlashtools.com/image/catalog/logo/logo2.png]
[phlashtools.com/image/cache/catalog/banners/banner1-1170x560.png]
[phlashtools.com/image/cache/catalog/banners/banner2-464x560.png]
[phlashtools.com/image/cache/catalog/banners/banner3-696x560.png]
[phlashtools.com/image/cache/catalog/banners/banner4-580x560.png]
[phlashtools.com/image/cache/catalog/banners/banner5-580x560.png]
[phlashtools.com/image/cache/catalog/banners/banner6-1170x560.png]
[phlashtools.com/image/cache/catalog/banners/banner7-580x560.png]
[phlashtools.com/image/cache/catalog/banners/banner8-580x560.png]
[phlashtools.com/catalog/view/theme/theme560/js/livesearch.js]
[phlashtools.com/catalog/view/theme/theme560/js/script.js]
[www.phlashtools.com/index.html]
[phlashtools.com/catalog/view/javascript/bootstrap/css/bootstrap.min.css]
[phlashtools.com/catalog/view/javascript/font-awesome/css/font-awesome.min.css]
[phlashtools.com/catalog/view/javascript/jquery/owl-carousel/grabbing.png]
[phlashtools.com/catalog/view/javascript/jquery/owl-carousel/owl.carousel.css]
[phlashtools.com/catalog/view/theme/theme560/stylesheet/magnificent.css]
[phlashtools.com/catalog/view/theme/theme560/js/jquery.bxslider/images/controls.png]
[phlashtools.com/catalog/view/theme/theme560/js/jquery.bxslider/jquery.bxslider.css]
[phlashtools.com/catalog/view/theme/theme560/image/photoswipe-loader.gif]
[phlashtools.com/catalog/view/theme/theme560/image/photoswipe-icons.png]
[phlashtools.com/catalog/view/theme/theme560/image/photoswipe-icons@2x.png]
[phlashtools.com/catalog/view/theme/theme560/stylesheet/photoswipe.css]
[phlashtools.com/catalog/view/theme/theme560/js/fancybox/fancybox_sprite.png]
[phlashtools.com/catalog/view/theme/theme560/js/fancybox/fancybox_loading.gif]
[phlashtools.com/catalog/view/theme/theme560/js/fancybox/blank.gif]
[phlashtools.com/catalog/view/theme/theme560/js/fancybox/fancybox_overlay.png]
[phlashtools.com/catalog/view/theme/theme560/js/fancybox/fancybox_sprite@2x.png]
[phlashtools.com/catalog/view/theme/theme560/js/fancybox/fancybox_loading@2x.gif]
[phlashtools.com/catalog/view/theme/theme560/js/fancybox/jquery.fancybox.css]
[phlashtools.com/catalog/view/theme/theme560/stylesheet/material-design.css]
[phlashtools.com/catalog/view/javascript/jquery/owl-carousel/owl.transitions.css]
[maxcdn.bootstrapcdn.com/font-awesome/4.2.0/css/font-awesome.min.css]
[phlashtools.com/catalog/view/theme/theme560/image/lazy-loader.gif]
[phlashtools.com/catalog/view/theme/theme560/stylesheet/stylesheet.css]
[maxcdn.bootstrapcdn.com/font-awesome/4.2.0/css/font-awesome.min.css]
[phlashtools.com/catalog/view/theme/theme560/js/jquery.bxslider/images/bx_loader.gif]
